

SELECT * FROM multi_index3 WHERE id = 1;



[root@node1 bin]# ./observer -f /root/gitee/miniob-2022/etc/observer.ini
Successfully load /root/gitee/miniob-2022/etc/observer.ini
=================================================================
==13159==ERROR: AddressSanitizer: heap-buffer-overflow on address 0x6020000030b4 at pc 0x7ffbb5b07796 bp 0x7ffba0570b80 sp 0x7ffba05702f8
READ of size 5 at 0x6020000030b4 thread T2 (SQLThreads)
    #0 0x7ffbb5b07795  (/lib64/libasan.so.5+0x55795)
    #1 0x7ffbb5b09565 in vsnprintf (/lib64/libasan.so.5+0x57565)
    #2 0x7ffbb57f80c4 in common::Log::output(common::LOG_LEVEL, char const*, char const*, char const*, ...) /root/gitee/miniob-2022/deps/common/log/log.cpp:91
    #3 0x4f9c2a in Table::make_record(int, _Value const*, char*&) /root/gitee/miniob-2022/src/observer/storage/common/table.cpp:433
    #4 0x508cc5 in Table::insert_record_mult_rows(Trx*, int, Valuesitem const*) /root/gitee/miniob-2022/src/observer/storage/common/table.cpp:385
    #5 0x46bbd7 in ExecuteStage::do_insert(SQLStageEvent*) /root/gitee/miniob-2022/src/observer/sql/executor/execute_stage.cpp:1150
    #6 0x46bbd7 in ExecuteStage::handle_request(common::StageEvent*) /root/gitee/miniob-2022/src/observer/sql/executor/execute_stage.cpp:150
    #7 0x46edfa in ExecuteStage::handle_event(common::StageEvent*) /root/gitee/miniob-2022/src/observer/sql/executor/execute_stage.cpp:120
    #8 0x497721 in OptimizeStage::handle_event(common::StageEvent*) /root/gitee/miniob-2022/src/observer/sql/optimizer/optimize_stage.cpp:87
    #9 0x4b8fd1 in QueryCacheStage::handle_event(common::StageEvent*) /root/gitee/miniob-2022/src/observer/sql/query_cache/query_cache_stage.cpp:86
    #10 0x4ae6a0 in ResolveStage::handle_event(common::StageEvent*) /root/gitee/miniob-2022/src/observer/sql/parser/resolve_stage.cpp:115
    #11 0x4a9329 in ParseStage::handle_event(common::StageEvent*) /root/gitee/miniob-2022/src/observer/sql/parser/parse_stage.cpp:104
    #12 0x4b5bb1 in PlanCacheStage::handle_event(common::StageEvent*) /root/gitee/miniob-2022/src/observer/sql/plan_cache/plan_cache_stage.cpp:99
    #13 0x4433ab in SessionStage::handle_request(common::StageEvent*) /root/gitee/miniob-2022/src/observer/session/session_stage.cpp:171
    #14 0x44450a in SessionStage::handle_event(common::StageEvent*) /root/gitee/miniob-2022/src/observer/session/session_stage.cpp:105
    #15 0x7ffbb586df04 in common::Threadpool::run_thread(void*) /root/gitee/miniob-2022/deps/common/seda/thread_pool.cpp:309
    #16 0x7ffbb55781ce in start_thread (/lib64/libpthread.so.0+0x81ce)
    #17 0x7ffbb4021dd2 in __GI___clone (/lib64/libc.so.6+0x39dd2)

0x6020000030b4 is located 0 bytes to the right of 4-byte region [0x6020000030b0,0x6020000030b4)
allocated by thread T2 (SQLThreads) here:
    #0 0x7ffbb5ba1ba8 in __interceptor_malloc (/lib64/libasan.so.5+0xefba8)
    #1 0x4a0dc4 in value_init_float /root/gitee/miniob-2022/src/observer/sql/parser/parse.cpp:63
    #2 0x4b3f2f in yyparse /root/gitee/miniob-2022/build/src/observer/yacc_sql.y:392
    #3 0x4b4ea1 in sql_parse /root/gitee/miniob-2022/build/src/observer/yacc_sql.y:820
    #4 0x4a5a16 in parse(char const*, Query*) /root/gitee/miniob-2022/src/observer/sql/parser/parse.cpp:523
    #5 0x4a925a in ParseStage::handle_request(common::StageEvent*) /root/gitee/miniob-2022/src/observer/sql/parser/parse_stage.cpp:132
    #6 0x4a925a in ParseStage::handle_event(common::StageEvent*) /root/gitee/miniob-2022/src/observer/sql/parser/parse_stage.cpp:90
    #7 0x4b5bb1 in PlanCacheStage::handle_event(common::StageEvent*) /root/gitee/miniob-2022/src/observer/sql/plan_cache/plan_cache_stage.cpp:99
    #8 0x4433ab in SessionStage::handle_request(common::StageEvent*) /root/gitee/miniob-2022/src/observer/session/session_stage.cpp:171
    #9 0x44450a in SessionStage::handle_event(common::StageEvent*) /root/gitee/miniob-2022/src/observer/session/session_stage.cpp:105
    #10 0x7ffbb586df04 in common::Threadpool::run_thread(void*) /root/gitee/miniob-2022/deps/common/seda/thread_pool.cpp:309
    #11 0x7ffbb55781ce in start_thread (/lib64/libpthread.so.0+0x81ce)

Thread T2 (SQLThreads) created by T0 here:
    #0 0x7ffbb5b04ea3 in __interceptor_pthread_create (/lib64/libasan.so.5+0x52ea3)
    #1 0x7ffbb5867c21 in common::Threadpool::add_threads(unsigned int) /root/gitee/miniob-2022/deps/common/seda/thread_pool.cpp:105
    #2 0x7ffbb58694c7 in common::Threadpool::Threadpool(unsigned int, std::__cxx11::basic_string<char, std::char_traits<char>, std::allocator<char> > const&) /root/gitee/miniob-2022/deps/common/seda/thread_pool.cpp:47
    #3 0x7ffbb585096e in common::SedaConfig::init_thread_pool() /root/gitee/miniob-2022/deps/common/seda/seda_config.cpp:258
    #4 0x7ffbb585960f in common::SedaConfig::instantiate() /root/gitee/miniob-2022/deps/common/seda/seda_config.cpp:419
    #5 0x7ffbb585b7cf in common::SedaConfig::init() /root/gitee/miniob-2022/deps/common/seda/seda_config.cpp:145
    #6 0x7ffbb5837b3a in common::init_seda(common::ProcessParam*) /root/gitee/miniob-2022/deps/common/seda/init.cpp:67
    #7 0x422205 in init(common::ProcessParam*) /root/gitee/miniob-2022/src/observer/init.cpp:242
    #8 0x4166fa in main /root/gitee/miniob-2022/src/observer/main.cpp:156
    #9 0x7ffbb4022cf2 in __libc_start_main (/lib64/libc.so.6+0x3acf2)

SUMMARY: AddressSanitizer: heap-buffer-overflow (/lib64/libasan.so.5+0x55795)
Shadow bytes around the buggy address:
  0x0c047fff85c0: fa fa fa fa fa fa fa fa fa fa fa fa fa fa fa fa
  0x0c047fff85d0: fa fa fa fa fa fa fa fa fa fa fa fa fa fa fa fa
  0x0c047fff85e0: fa fa fa fa fa fa fa fa fa fa fa fa fa fa fa fa
  0x0c047fff85f0: fa fa fa fa fa fa fa fa fa fa fa fa fa fa fa fa
  0x0c047fff8600: fa fa fd fd fa fa fd fa fa fa 00 05 fa fa 04 fa
=>0x0c047fff8610: fa fa 04 fa fa fa[04]fa fa fa 04 fa fa fa 02 fa
  0x0c047fff8620: fa fa 02 fa fa fa fd fd fa fa 00 05 fa fa 00 03
  0x0c047fff8630: fa fa fd fd fa fa fd fd fa fa 04 fa fa fa 04 fa
  0x0c047fff8640: fa fa 04 fa fa fa 00 05 fa fa fd fd fa fa fd fd
  0x0c047fff8650: fa fa fd fd fa fa 00 07 fa fa fa fa fa fa fa fa
  0x0c047fff8660: fa fa fa fa fa fa fa fa fa fa fa fa fa fa fa fa
Shadow byte legend (one shadow byte represents 8 application bytes):
  Addressable:           00
  Partially addressable: 01 02 03 04 05 06 07
  Heap left redzone:       fa
  Freed heap region:       fd
  Stack left redzone:      f1
  Stack mid redzone:       f2
  Stack right redzone:     f3
  Stack after return:      f5
  Stack use after scope:   f8
  Global redzone:          f9
  Global init order:       f6
  Poisoned by user:        f7
  Container overflow:      fc
  Array cookie:            ac
  Intra object redzone:    bb
  ASan internal:           fe
  Left alloca redzone:     ca
  Right alloca redzone:    cb
  



[root@node1 bin]# ./observer -f /root/gitee/miniob-2022/etc/observer.ini
Successfully load /root/gitee/miniob-2022/etc/observer.ini
=================================================================
==12957==ERROR: AddressSanitizer: heap-buffer-overflow on address 0x60200000c094 at pc 0x7f9108145796 bp 0x7f90f2b70b80 sp 0x7f90f2b702f8
READ of size 5 at 0x60200000c094 thread T2 (SQLThreads)
    #0 0x7f9108145795  (/lib64/libasan.so.5+0x55795)
    #1 0x7f9108147565 in vsnprintf (/lib64/libasan.so.5+0x57565)
    #2 0x7f9107e360c4 in common::Log::output(common::LOG_LEVEL, char const*, char const*, char const*, ...) /root/gitee/miniob-2022/deps/common/log/log.cpp:91
    #3 0x4f9c2a in Table::make_record(int, _Value const*, char*&) /root/gitee/miniob-2022/src/observer/storage/common/table.cpp:433
    #4 0x508cc5 in Table::insert_record_mult_rows(Trx*, int, Valuesitem const*) /root/gitee/miniob-2022/src/observer/storage/common/table.cpp:385
    #5 0x46bbd7 in ExecuteStage::do_insert(SQLStageEvent*) /root/gitee/miniob-2022/src/observer/sql/executor/execute_stage.cpp:1150
    #6 0x46bbd7 in ExecuteStage::handle_request(common::StageEvent*) /root/gitee/miniob-2022/src/observer/sql/executor/execute_stage.cpp:150
    #7 0x46edfa in ExecuteStage::handle_event(common::StageEvent*) /root/gitee/miniob-2022/src/observer/sql/executor/execute_stage.cpp:120
    #8 0x497721 in OptimizeStage::handle_event(common::StageEvent*) /root/gitee/miniob-2022/src/observer/sql/optimizer/optimize_stage.cpp:87
    #9 0x4b8fd1 in QueryCacheStage::handle_event(common::StageEvent*) /root/gitee/miniob-2022/src/observer/sql/query_cache/query_cache_stage.cpp:86
    #10 0x4ae6a0 in ResolveStage::handle_event(common::StageEvent*) /root/gitee/miniob-2022/src/observer/sql/parser/resolve_stage.cpp:115
    #11 0x4a9329 in ParseStage::handle_event(common::StageEvent*) /root/gitee/miniob-2022/src/observer/sql/parser/parse_stage.cpp:104
    #12 0x4b5bb1 in PlanCacheStage::handle_event(common::StageEvent*) /root/gitee/miniob-2022/src/observer/sql/plan_cache/plan_cache_stage.cpp:99
    #13 0x4433ab in SessionStage::handle_request(common::StageEvent*) /root/gitee/miniob-2022/src/observer/session/session_stage.cpp:171
    #14 0x44450a in SessionStage::handle_event(common::StageEvent*) /root/gitee/miniob-2022/src/observer/session/session_stage.cpp:105
    #15 0x7f9107eabf04 in common::Threadpool::run_thread(void*) /root/gitee/miniob-2022/deps/common/seda/thread_pool.cpp:309
    #16 0x7f9107bb61ce in start_thread (/lib64/libpthread.so.0+0x81ce)
    #17 0x7f910665fdd2 in __GI___clone (/lib64/libc.so.6+0x39dd2)

0x60200000c094 is located 0 bytes to the right of 4-byte region [0x60200000c090,0x60200000c094)
allocated by thread T2 (SQLThreads) here:
    #0 0x7f91081dfba8 in __interceptor_malloc (/lib64/libasan.so.5+0xefba8)
    #1 0x4a0dc4 in value_init_float /root/gitee/miniob-2022/src/observer/sql/parser/parse.cpp:63
    #2 0x4b3f2f in yyparse /root/gitee/miniob-2022/build/src/observer/yacc_sql.y:392
    #3 0x4b4ea1 in sql_parse /root/gitee/miniob-2022/build/src/observer/yacc_sql.y:820
    #4 0x4a5a16 in parse(char const*, Query*) /root/gitee/miniob-2022/src/observer/sql/parser/parse.cpp:523
    #5 0x4a925a in ParseStage::handle_request(common::StageEvent*) /root/gitee/miniob-2022/src/observer/sql/parser/parse_stage.cpp:132
    #6 0x4a925a in ParseStage::handle_event(common::StageEvent*) /root/gitee/miniob-2022/src/observer/sql/parser/parse_stage.cpp:90
    #7 0x4b5bb1 in PlanCacheStage::handle_event(common::StageEvent*) /root/gitee/miniob-2022/src/observer/sql/plan_cache/plan_cache_stage.cpp:99
    #8 0x4433ab in SessionStage::handle_request(common::StageEvent*) /root/gitee/miniob-2022/src/observer/session/session_stage.cpp:171
    #9 0x44450a in SessionStage::handle_event(common::StageEvent*) /root/gitee/miniob-2022/src/observer/session/session_stage.cpp:105
    #10 0x7f9107eabf04 in common::Threadpool::run_thread(void*) /root/gitee/miniob-2022/deps/common/seda/thread_pool.cpp:309
    #11 0x7f9107bb61ce in start_thread (/lib64/libpthread.so.0+0x81ce)

Thread T2 (SQLThreads) created by T0 here:
    #0 0x7f9108142ea3 in __interceptor_pthread_create (/lib64/libasan.so.5+0x52ea3)
    #1 0x7f9107ea5c21 in common::Threadpool::add_threads(unsigned int) /root/gitee/miniob-2022/deps/common/seda/thread_pool.cpp:105
    #2 0x7f9107ea74c7 in common::Threadpool::Threadpool(unsigned int, std::__cxx11::basic_string<char, std::char_traits<char>, std::allocator<char> > const&) /root/gitee/miniob-2022/deps/common/seda/thread_pool.cpp:47
    #3 0x7f9107e8e96e in common::SedaConfig::init_thread_pool() /root/gitee/miniob-2022/deps/common/seda/seda_config.cpp:258
    #4 0x7f9107e9760f in common::SedaConfig::instantiate() /root/gitee/miniob-2022/deps/common/seda/seda_config.cpp:419
    #5 0x7f9107e997cf in common::SedaConfig::init() /root/gitee/miniob-2022/deps/common/seda/seda_config.cpp:145
    #6 0x7f9107e75b3a in common::init_seda(common::ProcessParam*) /root/gitee/miniob-2022/deps/common/seda/init.cpp:67
    #7 0x422205 in init(common::ProcessParam*) /root/gitee/miniob-2022/src/observer/init.cpp:242
    #8 0x4166fa in main /root/gitee/miniob-2022/src/observer/main.cpp:156
    #9 0x7f9106660cf2 in __libc_start_main (/lib64/libc.so.6+0x3acf2)

SUMMARY: AddressSanitizer: heap-buffer-overflow (/lib64/libasan.so.5+0x55795)








SCF_CREATE_UNIQUE_INDEX
ExecuteStage::handle_request -->ExecuteStage::do_create_unique_index-->Table::create_index

insert:
ExecuteStage::do_insert->RC Table::insert_record--->RC Table::insert_entry_of_indexes-->
RC BplusTreeIndex::insert_entry

Table::insert_entry_of_indexes-->BplusTreeIndex::insert_entry-->BplusTreeHandler::insert_entry_unique

 ---------------------------------
 
 
   // 创建索引相关数据
  BplusTreeIndex *index = new BplusTreeIndex();
  std::string index_file = table_index_file(base_dir_.c_str(), name(), index_name);
  rc = index->create(index_file.c_str(), new_index_meta, *field_meta);
  if (rc != RC::SUCCESS) {
    delete index;
    LOG_ERROR("Failed to create bplus tree index. file name=%s, rc=%d:%s", index_file.c_str(), rc, strrc(rc));
    return rc;
  }
  
 return RC::RECORD_DUPLICATE_KEY;
 int insert_position = leaf_node.lookup(key_comparator_, key, &exists);
  if (exists) {
    LOG_TRACE("entry exists");
    return RC::RECORD_DUPLICATE_KEY;
  }
fin      _unique
DiskBufferPoo\
·
RC BplusTreeIndex::insert_entry(const char *record, const RID *rid)
{  
  if (true == index_meta().unique()){
    if (rid)
    {
      LOG_INFO("BplusTreeIndex::insert_entry  of record(rid=%d.%d)",
               rid->page_num, rid->slot_num);
      // return index_handler_.insert_entry_unique(record + field_meta_.offset(), rid);
    }
  }else{
      return index_handler_.insert_entry(record + field_meta_.offset(), rid);
  }
}



------------------------

这个2天事情比较做，心情比较急躁，包涵包涵






scale












[root@h12-storage03 ~]# netstat -an | awk '/^tcp/ {++S[$NF]} END {for(a in S) print a, S[a]}'
LISTEN 17
ESTABLISHED 158
TIME_WAIT 3682

[root@h12-meta01 ~]# netstat -an | awk '/^tcp/ {++S[$NF]} END {for(a in S) print a, S[a]}'
LISTEN 95
CLOSE_WAIT 2
ESTABLISHED 1991
TIME_WAIT 806

explicit ObVector(Allocator* alloc = NULL, const lib::ObLabel& label = ObModIds::OB_MOD_DO_NOT_USE_ME);

ObVector<TestItem*> total_items;
if (OB_FAIL(items.push_back(item))) {
	  COMMON_LOG(WARN, "fail to push back item", K(ret));
	}










  
1. 完成分级概要设计和自测用例
2. 





1 讨论 中移动温冷存储开发 需求确认 分级策略 和迁移方式很一样。
2. div2 文档和测试用力

 一次问多个问题。


问题：gdb 多线程调试问题

步骤：
thread apply all break ob_table_executor.cpp:697

函数：
common_rpc_proxy->alter_table(alter_table_arg, res))) {
RPC_S(PRD alter_table, obrpc::OB_ALTER_TABLE, (ObAlterTableArg), ObAlterTableRes)

结果：gdb 单步调试 卡在这里不东了。

问题：

这个rpc调用，应该是别线程也卡住了 怎么调试呀
set non-stop on 允许其他线程允许。没有起作用








[root@node1 log]# tail -f observer.log |grep "alter"
[2022-08-23 23:07:13.183121] DEBUG [SHARE.SCHEMA] ob_schema_service.cpp:281 [6961][106][YB427F000001-0005E6E9A50618F0] [lt=6] [dc=0] add alter column(column={alter_type:"OB_DDL_DROP_COLUMN", origin_column_name:"v2", next_column_name:"", prev_column_name:"", alter_column_schema:{tenant_id:18446744073709551615, table_id:18446744073709551615, column_id:18446744073709551615, schema_version:0, rowkey_position:0, index_position:0, order_in_rowkey:0, tbl_part_key_pos:0, meta_type:{type:"NULL", collation:"invalid_type", coercibility:"INVALID"}, accuracy:{length:-1, precision:-1, scale:-1}, is_nullable:true, is_zero_fill:false, is_autoincrement:false, is_hidden:false, charset_type:2, on_update_current_timestamp:false, orig_default_value:{"NULL":"NULL"}, cur_default_value:{"NULL":"NULL"}, column_name:"", comment:"", column_flags:0, extended_type_info:[], prev_column_id:18446744073709551615, next_column_id:18446744073709551615, encoding_type:9223372036854775807, column_ref_idxs:NULL}})



resolver模块的接口类是ObResolver，它的输出是ObStmt。这个模块是面向对象设计的，每种语句类型有一个Resolver和一个Stmt。他们按照语句类型，位于不同的子目录：dml, ddl, tcl等。

对于非select和dml之外的语句，如大多数ddl，解析到这里就可以执行了。这类简单语句类型统称为“命令”，由engine/cmd下的executor直接执行。ddl是通过rootservice（RS）执行的，所以其executor实际是发送RPC。事务控制语句则本机直接调用事务层



ObAlterTableExecutor::execute
thread apply all break ob_table_executor.cpp:1021

thread apply all break ob_table_executor.cpp:785

ObAlterTableExecutor::alter_table_rpc_v2

/oceanbase/oceanbase/src/sql/engine/cmd/ob_table_executor.cpp
/oceanbase/oceanbase/src/sql/engine/cmd/ob_table_executor.cpp

[ro
ot@node1 oceanbase]# find ./ -name "*.h" |xargs grep GetBoolAssertionFailureMessage
./deps/3rd/usr/local/oceanbase/deps/devel/include/gtest/internal/gtest-internal.h:GTEST_API_ std::string GetBoolAssertionFailureMessage(
./deps/3rd/usr/local/oceanbase/deps/devel/include/gtest/internal/gtest-internal.h:    fail(::testing::internal::GetBoolAssertionFailureMessage(\


[2022-08-21 22:06:22.556062] WARN  [SQL.ENG] execute (ob_table_executor.cpp:838) [4808][466][YB427F000001-0005E6C061BADE66] [lt=20] [dc=0] Failed to alter table rpc v2(ret=-4016)
[2022-08-21 22:06:22.556116] IN

https://blog.csdn.net/qiuyoujie/article/details/90900733

/devel/include/gtest
/usr/local/lib64/libgtest.a
/usr/local/lib64/libgtest.a
export LD_LIBRARY_PATH=${CURRENT_DIR}/../../deps/3rd/usr/local/oceanbase/devtools/lib64:${CURRENT_DIR}/../../deps/3rd/usr/local/oceanbase/deps/devel/lib/mariadb:${CURRENT_DIR}/../../deps/3rd/usr/local/oceanbase/deps/devel/lib

[ 12%] Building CXX object googletest/CMakeFiles/gtest.dir/src/gtest-all.cc.o
[ 25%] Linking CXX static library ../lib/libgtest.a
[ 25%] Built target gtest
[ 37%] Building CXX object googlemock/CMakeFiles/gmock.dir/src/gmock-all.cc.o
[ 50%] Linking CXX static library ../lib/libgmock.a
[ 50%] Built target gmock
[ 62%] Building CXX object googlemock/CMakeFiles/gmock_main.dir/src/gmock_main.cc.o
[ 75%] Linking CXX static library ../lib/libgmock_main.a
[ 75%] Built target gmock_main
[ 87%] Building CXX object googletest/CMakeFiles/gtest_main.dir/src/gtest_main.cc.o
[100%] Linking CXX static library ../lib/libgtest_main.a


nm /oceanbase/oceanbase/deps/3rd/usr/local/oceanbase/deps/devel/lib/libgtest.a | c++filt |grep  GetBoolAssertionFailureMessage
nm /oceanbase/oceanbase/deps/3rd/usr/local/oceanbase/deps/devel/lib/libgtest.a | c++filt |grep  EqFailure
Linux 动态库 undefined symbol 原因定位与解决方法
https://blog.csdn.net/qq_38600065/article/details/105012314



target_link_libraries(${case} PRIVATE oceanbase gtest gmock ${DEP_DIR}/lib/mariadb/libmariadb.so.3 ${DEP_DIR}/lib/libgtest.a ${DEP_DIR}/lib/ibgtest_ma
 
GDB> show scheduler-locking     //显示线程的scheduler-locking状态
GDB> set scheduler-locking on    //调试加锁当前线程，停止所有其他线
nm /oceanbase/oceanbase/deps/3rd/usr/local/oceanbase/deps/devel/lib/libgtest.a | c++filt |grep

 
./oceanbase/build_debug/src/observer/liboceanbase.so



/oceanbase/oceanbase/build_debug/unittest
/oceanbase/oceanbase/deps/3rd/usr/local/oceanbase/deps/devel/lib/libgtest.a
../deps/3rd/usr/local/oceanbase/deps/devel/lib/libgtest_main.a
[100%] Linking CXX static library liboceanbase_static.a

target_link_libraries(${case} PRIVATE oceanbase gtest gmock ${DEP_DIR}/lib/mariadb/libmariadb.so.3)
${DEP_DIR}/lib/libgtest.a ${DEP_DIR}/lib/ibgtest_main.a
'../deps/3rd/usr/local/oceanbase/deps/devel/lib/ibgtest_main.a'
./deps/3rd/usr/local/oceanbase/deps/devel/lib/libgtest.a
./deps/3rd/usr/local/oceanbase/deps/devel/lib/libgtest.a
./deps/3rd/usr/local/oceanbase/deps/devel/lib/libgtest.a
'../deps/3rd/usr/local/oceanbase/deps/devel/lib/libgtest.a

/oceanbase/oceanbase/deps/3rd/usr/local/oceanbase/deps/devel/lib/libgtest.a

/oceanbase/oceanbase/deps/3rd/usr/local/oceanbase/deps/devel/lib
[root@node1 oceanbase]# find -name "*.c"  |grep GetBoolAssertionFailureMessage
[root@node1 oceanbase]# find -name "*.c"  | xargs grep GetBoolAssertionFailureMessage
[root@node1 oceanbase]# find -name "*.cpp"  | xargs grep GetBoolAssertionFailureMessage
[root@node1 oceanbase]# find -name "*.h"  | xargs grep GetBoolAssertionFailureMessage
./deps/3rd/usr/local/oceanbase/deps/devel/include/gtest/internal/gtest-internal.h:GTEST_API_ std::string GetBoolAssertionFailureMessage(
./deps/3rd/usr/local/oceanbase/deps/devel/include/gtest/internal/gtest-internal.h:    fail(::testing::internal::GetBoolAssertionFailureMessage(\

[root@node1 log]# grep "ALTER TABLE v0 DROP COLUMN v2" observer.log
[2022-08-16 16:28:52.299718] INFO  [SQL] ob_sql.cpp:163 [3318][466][YB427F000001-0005E657606A74FF] [lt=4] [dc=0] Begin to handle text statement(trunc_stmt=ALTER TABLE v0 DROP COLUMN v2, sess_id=3221487623, execution_id=42225)
[2022-08-16 16:36:28.096289] WARN  [SERVER] process (obmp_query.cpp:291) [3318][466][YB427F000001-0005E657606A74FF] [lt=17] [dc=0] fail execute sql(sql_id="", sql=ALTER TABLE v0 DROP COLUMN v2, sessid=3221487623, ret=-4018, ret="OB_ENTRY_NOT_EXIST", need_disconnect=false)
[2022-08-16 16:36:28.096499] TRACE [TRACE]obmp_base.cpp:911 [3318][466][YB427F000001-0005E657606A74FF] [lt=6] [dc=0] [slow query](TRACE=begin_ts=1660638532299499 2022-08-16 08:28:52.299499|[process_begin] u=0 in_queue_time:65, receive_ts:1660638532299424, enqueue_ts:1660638532299451|[start_sql] u=1 addr:{ip:"127.0.0.1", port:48926}|[query_begin] u=1 trace_id:YB427F000001-0005E657606A74FF|[before_processor_run] u=51 |[session] u=20 sid:3221487623, tenant_id:1|[parse_begin] u=166 stmt:"ALTER TABLE v0 DROP COLUMN v2", stmt_len:29|[cache_get_plan_begin] u=455684523 |[cache_get_plan_end] u=91 |[transform_with_outline_begin] u=8 |[transform_with_outline_end] u=152 |[resolve_begin] u=29 |[resolve_end] u=1196 |[exec_begin] u=189 arg1:false, end_trans_cb:false|[auto_end_plan_begin] u=109373 |[auto_end_plan_end] u=2 |[result_set_close] u=0 ret:-4018, arg1:-4018, arg2:0, arg3:-4018, async:false|[exec_end] u=703 |[query_end] u=274 |[process_end] u=185 run_ts:1660638532299552|total_timeu=455796964)
[2022-08-16 16:36:38.046836] INFO  [SQL] ob_sql.cpp:163 [3333][496][YB427F000001-0005E65763EA73D0] [lt=8] [dc=0] Begin to handle text statement(trunc_stmt=ALTER TABLE v0 DROP COLUMN v2, sess_id=3221487623, execution_id=43676)
[2022-08-16 16:36:38.067833] INFO  [SERVER] ob_query_retry_ctrl.cpp:460 [3333][496][YB427F000001-0005E65763EA73D0] [lt=5] [dc=0] check if need retry(client_ret=-4016, err=-4016, retry_type_=0, retry_times=1, multi_stmt_item={is_part_of_multi_stmt:true, seq_num:0, sql:"ALTER TABLE v0 DROP COLUMN v2"})
[2022-08-16 16:36:38.068044] WARN  [SERVER] process (obmp_query.cpp:291) [3333][496][YB427F000001-0005E65763EA73D0] [lt=5] [dc=0] fail execute sql(sql_id="", sql=ALTER TABLE v0 DROP COLUMN v2, sessid=3221487623, ret=-4016, ret="OB_ERR_UNEXPECTED", need_disconnect=false)
[2022-08-16 16:36:38.068129] TRACE [TRACE]obmp_base.cpp:915 [3333][496][YB427F000001-0005E65763EA73D0] [lt=7] [dc=0] [err query](TRACE=begin_ts=1660638998045839 2022-08-16 08:36:38.045839|[process_begin] u=0 in_queue_time:131, receive_ts:1660638998045705, enqueue_ts:1660638998045710|[start_sql] u=1 addr:{ip:"127.0.0.1", port:48926}|[query_begin] u=3 trace_id:YB427F000001-0005E65763EA73D0|[before_processor_run] u=16 |[session] u=8 sid:3221487623, tenant_id:1|[parse_begin] u=980 stmt:"ALTER TABLE v0 DROP COLUMN v2", stmt_len:29|[cache_get_plan_begin] u=12 |[cache_get_plan_end] u=22 |[transform_with_outline_begin] u=1 |[transform_with_outline_end] u=49 |[resolve_begin] u=31 |[resolve_end] u=148 |[exec_begin] u=27 arg1:false, end_trans_cb:false|[auto_end_plan_begin] u=20673 |[auto_end_plan_end] u=1 |[result_set_close] u=0 ret:-4016, arg1:-4016, arg2:0, arg3:-4016, async:false|[exec_end] u=115 |[query_end] u=110 |[process_end] u=53 run_ts:1660638998045859|[process_ret] u=1 process_ret:-4016|total_timeu=22251)
[root@node1 log]#



libgtest_main.a
libgtest.a
${DEP_DIR}/lib/libgtest.a
target_link_libraries(${case} PRIVATE oceanbase gtest gmock ${DEP_DIR}/lib/mariadb/libmariadb.so.3)


[root@node1 local]# find ./ -name  libmariadb.so.3
./oceanbase/deps/devel/lib/mariadb/libmariadb.so.3
./deps/3rd/usr/local/oceanbase/deps/devel/lib/libgtest_main.a
./deps/3rd/usr/local/oceanbase/deps/devel/lib/libgtest.a
unittest\tools\ob_error\CMakeLists.txt




SELECT  row_id, column_name, column_value FROM __all_core_table WHERE table_name = '__all_global_stat' ORDER BY row_id, column_name

ob_query_retry_ctrl.cpp


ObSql::handle_physical_plan
thread apply all break ob_sql.cpp:3239 if ret==-4016  

[2022-08-21 22:06:22.556062] WARN  [SQL.ENG] execute (ob_table_executor.cpp:838) [4808][466][YB427F000001-0005E6C061BADE66] [lt=20] [dc=0] Failed to alter table rpc v2(ret=-4016)
[2022-08-21 22:06:22.556116] IN

提问：Type <RET> for more, q to quit, c to continue without paging--
回答：
set pagination off
原因：
https://stackoverflow.com/questions/28815621/how-to-disable-type-return-to-continue-or-q-return-to-quit-in-gdb
https://gcc.gnu.org/legacy-ml/gcc-patches/2019-01/msg00135.html


enum ObQueryRetryType {
  RETRY_TYPE_NONE,
  RETRY_TYPE_LOCAL,
  RETRY_TYPE_PACKET,
};

ObModIds::OB_SQL_EXECUTOR

(gdb) p param
$2 = {properties_ = 8, attr_ = {tenant_id_ = 1, label_ = {{str_ = 0xd60130 <oceanbase::common::ObModIds::OB_SQL_EXECUTOR> "SqlExecutor", mod_id_ = 14025008, v_ = 14025008}, is_str_ = true}, ctx_id_ = 0, prio_ = oceanbase::lib::OB_NORMAL_ALLOC}, page_size_ = 65536, ablock_size_ = 65600, parallel_ = 1}



ret = do_process(session, has_more_result, force_sync_resp, async_resp_used, need_disconnect);
 
 
 sql 执行失败
 
  if (!OB_SUCC(ret) && need_response_error && conn_valid_) {
    send_error_packet(ret, NULL);
  } 
  
  
  OB_INLINE int ObMPQuery::do_process
  
  
  ObReqTimeGuard req_timeinfo_guard;
  ObMySQLResultSet* result = nullptr;
  ObPhysicalPlan* plan = nullptr;
  ObQueryExecCtx* query_ctx = nullptr;
  ObSchemaGetterGuard* schema_guard = nullptr;
  ObTenantCachedSchemaGuardInfo* cached_schema_info = nullptr;
  
  OB_FAIL(gctx_.sql_engine_->stmt_query(sql, ctx_, *result))) 
  
  gctx_.sql_engine_->stmt_query(sql, ctx_, *result))
  
  // Interface of SQL Engine for OB_MYSQL_COM_QUERY request
  //
  // Handle all OB_MYSQL_COM_QUERY request from mysqlclient
  // There are two kinds of OB_MYSQL_COM_QUERY request
  // 1. general query such as "select * from table_test"
  // 2. text prepare such as "prepare stmt from select * from table_test"
  //
  // @param stmt[in]       input sql string
  // @param context[in]    sql context
  // @param result[out]
  //
  // @return oceanbase error code defined in lib/ob_errno.def
  virtual int stmt_query(const common::ObString& stmt, ObSqlCtx& context, ObResultSet& result);
  
  ObSql::stmt_query
  
  ObSql::handle_text_query(
  
  
    ObIAllocator &allocator = THIS_WORKER.get_sql_arena_allocator();
	ObExecContext &ectx = result.get_exec_context();
	
	ObPlanCacheCtx *pc_ctx = NULL;
	
	
	
	  pc_ctx = new (pc_ctx) ObPlanCacheCtx(trimed_stmt,
        false, /*is_ps_mode*/
        allocator,
        context,
        ectx,
        tenant_id);
    uint64_t database_id = OB_INVALID_ID;
	
	handle_large_query
	handle_large_query
	handle_physical_plan
	
	
 
ObMPBase::send_error_packet
obmp_base.cpp:1237 [2915][466][YB427F000001-0005E645937C9018] [lt=28] [dc=0] send error package.(user_error_code=4016, err=-4016, sql_state="HY000", message=Internal error)

constexpr int OB_ERR_UNEXPECTED = -4016;

 LOG_INFO("sending error packet", K(err), "bt", lbt(), K(extra_err_info));
[2022-08-15 19:11:22.340236] INFO  [SERVER] obmp_base.cpp:1163 [2915][466][YB427F000001-0005E645937C9018] [lt=4] [dc=0] sending error packet(err=-4016, bt="0xb53f755 0xa886240 0xa9198cd 0xa879575 0xa8b27d1 0xa8ada1b 0xb6c492d 0xa72d190 0xa709949 0xa72af26 0xa70784f 0xa707d1c 0x1e7379c 0x1e7362d 0x1e7766e 0xb4e7e85 0xb4e6625 0xb1f72ff", extra_err_info=NULL)

int ObSyncCmdDriver::response_result(ObMySQLResultSet &result)
ob_sync_cmd_driver.cpp:64) [2915][466][YB427F000001-0005E645937C9018] [lt=6] [dc=0] result set open failed, check if need retry(ret=-4016, cli_ret=-4016, retry_ctrl_.need_retry()=0)

retry_ctrl_.test_and_save_retry_state(gctx_, ctx_, result, ret, cli_ret);
void ObQueryRetryCtrl::test_and_save_retry_state
[2022-08-15 19:11:22.340172] INFO  [SERVER] ob_query_retry_ctrl.cpp:460 [2915][466][YB427F000001-0005E645937C9018] [lt=8] [dc=0] check if need retry(client_ret=-4016, err=-4016, retry_type_=0, retry_times=1, multi_stmt_item={is_part_of_multi_stmt:true, seq_num:0, sql:"ALTER TABLE v0 DROP COLUMN v2"})

[2022-08-15 19:11:22.340155] WARN  [SERVER] test_and_save_retry_state (ob_query_retry_ctrl.cpp:117) [2915][466][YB427F000001-0005E645937C9018] [lt=27] [dc=0] ddl, and errno is not OB_EAGAIN or OB_SNAPSHOT_DISCARDED or OB_ERR_PARALLEL_DDL_CONFLICT, do not need retry(client_ret=-4016, err=-4016, retry_type_=0)


int ObResultSet::open_plan()
[SQL] open_cmd (ob_result_set.cpp:84) [2915][466][YB427F000001-0005E645937C9018] [lt=33] [dc=0] execute cmd failed(ret=-4016)

int ObResultSet::open_cmd()
int ObExecuteExecutor::execute(ObExecContext &ctx, ObExecuteStmt &stmt)
ObCmdExecutor::execute(get_exec_context(), *cmd_))

[Server]
job=/root/src/beemove/mpirun_master_slave.py -c /root/src/beemove/config.ini

[BeeGfs]
# poolCron 每隔1小时 0 */1 * * *
# poolCron 每晚的21:30执行  30 21 * * *
poolCron =*/15 * * * *
def do_urgent_migration_job(opt_init):

#全量扫描
scanCron =*/45 * * * *
beemove.py
def do_common_migration_job(opt_init):


def do_urgent_migration_job(opt_init):

alter_table_rpc_v2
WARN  [SQL.ENG] execute (ob_table_executor.cpp:838) [2915][466][YB427F000001-0005E645937C9018] [lt=34] [dc=0] Failed to alter table rpc v2(ret=-4016)

obmp_base.cpp:1237 [2915][466][YB427F000001-0005E645937C9018] [lt=28] [dc=0] send error package.(user_error_code=4016, err=-4016, sql_state="HY000", message=Internal error)
Y0-0000000000000000


int ObSql::stmt_query


 if opt_init.readconfig() != 0:
        logging.error("opt_init.readconfig() failed")
        return -1
inline int ObSql::handle_text_query



ObMPQuery::do_process

